0 verbose cli C:\Program Files\nodejs\node.exe C:\Program Files\nodejs\node_modules\npm\bin\npm-cli.js
1 info using npm@11.6.2
2 info using node@v24.12.0
3 silly config load:file:C:\Program Files\nodejs\node_modules\npm\npmrc
4 silly config load:file:C:\Users\abdelmezhuid_r\Desktop\GA\Work Projects\Asset-Manager\.npmrc
5 warn Unknown project config "auto-install-peers". This will stop working in the next major version of npm.
6 warn Unknown project config "strict-peer-dependencies". This will stop working in the next major version of npm.
7 silly config load:file:C:\Users\abdelmezhuid_r\.npmrc
8 silly config load:file:C:\Users\abdelmezhuid_r\AppData\Roaming\npm\etc\npmrc
9 verbose title npm install
10 verbose argv "install" "--offline" "false"
11 verbose logfile logs-max:10 dir:C:\Users\abdelmezhuid_r\Desktop\GA\Work Projects\Asset-Manager\.npm-cache\_logs\2026-04-25T15_52_12_658Z-
12 verbose logfile C:\Users\abdelmezhuid_r\Desktop\GA\Work Projects\Asset-Manager\.npm-cache\_logs\2026-04-25T15_52_12_658Z-debug-0.log
13 silly logfile done cleaning log files
14 silly packumentCache heap:4496293888 maxSize:1124073472 maxEntrySize:562036736
15 silly idealTree buildDeps
16 silly fetch manifest drizzle-orm@^0.45.2
17 silly packumentCache full:https://registry.npmjs.org/drizzle-orm cache-miss
18 http fetch GET https://registry.npmjs.org/drizzle-orm attempt 1 failed with ECONNREFUSED
19 http fetch GET https://registry.npmjs.org/drizzle-orm attempt 2 failed with ECONNREFUSED
20 http fetch GET https://registry.npmjs.org/drizzle-orm attempt 3 failed with ECONNREFUSED
21 http fetch GET 200 https://registry.npmjs.org/drizzle-orm 70533ms (cache stale)
22 silly packumentCache full:https://registry.npmjs.org/drizzle-orm set size:97963046 disposed:false
23 silly fetch manifest @aws-sdk/client-rds-data@>=3
24 silly packumentCache full:https://registry.npmjs.org/@aws-sdk%2fclient-rds-data cache-miss
25 http fetch GET https://registry.npmjs.org/@aws-sdk%2fclient-rds-data attempt 1 failed with ECONNREFUSED
26 http fetch GET https://registry.npmjs.org/@aws-sdk%2fclient-rds-data attempt 2 failed with ECONNREFUSED
27 http fetch GET https://registry.npmjs.org/@aws-sdk%2fclient-rds-data attempt 3 failed with ECONNREFUSED
28 http fetch GET 200 https://registry.npmjs.org/@aws-sdk%2fclient-rds-data 70124ms (cache stale)
29 silly packumentCache full:https://registry.npmjs.org/@aws-sdk%2fclient-rds-data set size:2736447 disposed:false
30 silly fetch manifest @cloudflare/workers-types@>=4
31 silly packumentCache full:https://registry.npmjs.org/@cloudflare%2fworkers-types cache-miss
32 http fetch GET https://registry.npmjs.org/@cloudflare%2fworkers-types attempt 1 failed with ECONNREFUSED
33 http fetch GET https://registry.npmjs.org/@cloudflare%2fworkers-types attempt 2 failed with ECONNREFUSED
34 http fetch GET https://registry.npmjs.org/@cloudflare%2fworkers-types attempt 3 failed with ECONNREFUSED
35 http fetch GET 200 https://registry.npmjs.org/@cloudflare%2fworkers-types 70063ms (cache stale)
36 silly packumentCache full:https://registry.npmjs.org/@cloudflare%2fworkers-types set size:1533647 disposed:false
37 silly fetch manifest @electric-sql/pglite@>=0.2.0
38 silly packumentCache full:https://registry.npmjs.org/@electric-sql%2fpglite cache-miss
39 http fetch GET https://registry.npmjs.org/@electric-sql%2fpglite attempt 1 failed with ECONNREFUSED
40 http fetch GET https://registry.npmjs.org/@electric-sql%2fpglite attempt 2 failed with ECONNREFUSED
41 http fetch GET https://registry.npmjs.org/@electric-sql%2fpglite attempt 3 failed with ECONNREFUSED
42 http fetch GET 200 https://registry.npmjs.org/@electric-sql%2fpglite 70057ms (cache stale)
43 silly packumentCache full:https://registry.npmjs.org/@electric-sql%2fpglite set size:303386 disposed:false
44 silly fetch manifest @libsql/client@>=0.10.0
45 silly packumentCache full:https://registry.npmjs.org/@libsql%2fclient cache-miss
46 http fetch GET https://registry.npmjs.org/@libsql%2fclient attempt 1 failed with ECONNREFUSED
47 http fetch GET https://registry.npmjs.org/@libsql%2fclient attempt 2 failed with ECONNREFUSED
48 http fetch GET https://registry.npmjs.org/@libsql%2fclient attempt 3 failed with ECONNREFUSED
49 http fetch GET 200 https://registry.npmjs.org/@libsql%2fclient 70088ms (cache stale)
50 silly packumentCache full:https://registry.npmjs.org/@libsql%2fclient set size:388772 disposed:false
51 silly fetch manifest @libsql/client-wasm@>=0.10.0
52 silly packumentCache full:https://registry.npmjs.org/@libsql%2fclient-wasm cache-miss
53 http fetch GET https://registry.npmjs.org/@libsql%2fclient-wasm attempt 1 failed with ECONNREFUSED
54 http fetch GET https://registry.npmjs.org/@libsql%2fclient-wasm attempt 2 failed with ECONNREFUSED
55 http fetch GET https://registry.npmjs.org/@libsql%2fclient-wasm attempt 3 failed with ECONNREFUSED
56 http fetch GET 200 https://registry.npmjs.org/@libsql%2fclient-wasm 70103ms (cache stale)
57 silly packumentCache full:https://registry.npmjs.org/@libsql%2fclient-wasm set size:145644 disposed:false
58 silly fetch manifest @neondatabase/serverless@>=0.10.0
59 silly packumentCache full:https://registry.npmjs.org/@neondatabase%2fserverless cache-miss
60 http fetch GET https://registry.npmjs.org/@neondatabase%2fserverless attempt 1 failed with ECONNREFUSED
61 http fetch GET https://registry.npmjs.org/@neondatabase%2fserverless attempt 2 failed with ECONNREFUSED
62 http fetch GET https://registry.npmjs.org/@neondatabase%2fserverless attempt 3 failed with ECONNREFUSED
63 http fetch GET 200 https://registry.npmjs.org/@neondatabase%2fserverless 70094ms (cache stale)
64 silly packumentCache full:https://registry.npmjs.org/@neondatabase%2fserverless set size:178582 disposed:false
65 silly fetch manifest @op-engineering/op-sqlite@>=2
66 silly packumentCache full:https://registry.npmjs.org/@op-engineering%2fop-sqlite cache-miss
67 http fetch GET https://registry.npmjs.org/@op-engineering%2fop-sqlite attempt 1 failed with ECONNREFUSED
68 http fetch GET https://registry.npmjs.org/@op-engineering%2fop-sqlite attempt 2 failed with ECONNREFUSED
69 http fetch GET https://registry.npmjs.org/@op-engineering%2fop-sqlite attempt 3 failed with ECONNREFUSED
70 http fetch GET 200 https://registry.npmjs.org/@op-engineering%2fop-sqlite 70049ms (cache stale)
71 silly packumentCache full:https://registry.npmjs.org/@op-engineering%2fop-sqlite set size:473439 disposed:false
72 silly fetch manifest @sqlite.org/sqlite-wasm@*
73 silly packumentCache full:https://registry.npmjs.org/@sqlite.org%2fsqlite-wasm cache-miss
74 http fetch GET https://registry.npmjs.org/@sqlite.org%2fsqlite-wasm attempt 1 failed with ECONNREFUSED
75 http fetch GET https://registry.npmjs.org/@sqlite.org%2fsqlite-wasm attempt 2 failed with ECONNREFUSED
76 http fetch GET https://registry.npmjs.org/@sqlite.org%2fsqlite-wasm attempt 3 failed with ECONNREFUSED
77 http fetch GET 200 https://registry.npmjs.org/@sqlite.org%2fsqlite-wasm 70044ms (cache stale)
78 silly packumentCache full:https://registry.npmjs.org/@sqlite.org%2fsqlite-wasm set size:231306 disposed:false
79 silly fetch manifest react@*
80 silly packumentCache full:https://registry.npmjs.org/react cache-miss
81 http fetch GET https://registry.npmjs.org/react attempt 1 failed with ECONNREFUSED
82 http fetch GET https://registry.npmjs.org/react attempt 2 failed with ECONNREFUSED
83 http fetch GET https://registry.npmjs.org/react attempt 3 failed with ECONNREFUSED
84 http fetch GET 200 https://registry.npmjs.org/react 70062ms (cache stale)
85 silly packumentCache full:https://registry.npmjs.org/react set size:6625721 disposed:false
86 silly fetch manifest react-native@*
87 silly packumentCache full:https://registry.npmjs.org/react-native cache-miss
88 http fetch GET https://registry.npmjs.org/react-native attempt 1 failed with ECONNREFUSED
89 http fetch GET https://registry.npmjs.org/react-native attempt 2 failed with ECONNREFUSED
90 http fetch GET https://registry.npmjs.org/react-native attempt 3 failed with ECONNREFUSED
91 http fetch GET 200 https://registry.npmjs.org/react-native 70121ms (cache stale)
92 silly packumentCache full:https://registry.npmjs.org/react-native set size:15177932 disposed:false
93 silly fetch manifest @react-native/jest-preset@0.85.2
94 silly packumentCache full:https://registry.npmjs.org/@react-native%2fjest-preset cache-miss
95 http fetch GET https://registry.npmjs.org/@react-native%2fjest-preset attempt 1 failed with ECONNREFUSED
96 http fetch GET https://registry.npmjs.org/@react-native%2fjest-preset attempt 2 failed with ECONNREFUSED
97 http fetch GET https://registry.npmjs.org/@react-native%2fjest-preset attempt 3 failed with ECONNREFUSED
98 http fetch GET 200 https://registry.npmjs.org/@react-native%2fjest-preset 70039ms (cache stale)
99 silly packumentCache full:https://registry.npmjs.org/@react-native%2fjest-preset set size:130340 disposed:false
100 silly fetch manifest @types/react@^19.1.1
101 silly packumentCache full:https://registry.npmjs.org/@types%2freact cache-miss
102 http fetch GET https://registry.npmjs.org/@types%2freact attempt 1 failed with ECONNREFUSED
103 http fetch GET https://registry.npmjs.org/@types%2freact attempt 2 failed with ECONNREFUSED
104 http fetch GET https://registry.npmjs.org/@types%2freact attempt 3 failed with ECONNREFUSED
105 http fetch GET 200 https://registry.npmjs.org/@types%2freact 70075ms (cache stale)
106 silly packumentCache full:https://registry.npmjs.org/@types%2freact set size:2588964 disposed:false
107 silly fetch manifest @opentelemetry/api@^1.4.1
108 silly packumentCache full:https://registry.npmjs.org/@opentelemetry%2fapi cache-miss
109 http fetch GET https://registry.npmjs.org/@opentelemetry%2fapi attempt 1 failed with ECONNREFUSED
110 http fetch GET https://registry.npmjs.org/@opentelemetry%2fapi attempt 2 failed with ECONNREFUSED
111 http fetch GET https://registry.npmjs.org/@opentelemetry%2fapi attempt 3 failed with ECONNREFUSED
112 http fetch GET 200 https://registry.npmjs.org/@opentelemetry%2fapi 70051ms (cache stale)
113 silly packumentCache full:https://registry.npmjs.org/@opentelemetry%2fapi set size:272855 disposed:false
114 silly fetch manifest @planetscale/database@>=1.13
115 silly packumentCache full:https://registry.npmjs.org/@planetscale%2fdatabase cache-miss
116 http fetch GET https://registry.npmjs.org/@planetscale%2fdatabase attempt 1 failed with ECONNREFUSED
117 http fetch GET https://registry.npmjs.org/@planetscale%2fdatabase attempt 2 failed with ECONNREFUSED
118 http fetch GET https://registry.npmjs.org/@planetscale%2fdatabase attempt 3 failed with ECONNREFUSED
119 http fetch GET 200 https://registry.npmjs.org/@planetscale%2fdatabase 70051ms (cache stale)
120 silly packumentCache full:https://registry.npmjs.org/@planetscale%2fdatabase set size:131439 disposed:false
121 silly fetch manifest @prisma/client@*
122 silly packumentCache full:https://registry.npmjs.org/@prisma%2fclient cache-miss
123 http fetch GET https://registry.npmjs.org/@prisma%2fclient attempt 1 failed with ECONNREFUSED
124 http fetch GET https://registry.npmjs.org/@prisma%2fclient attempt 2 failed with ECONNREFUSED
